// Jest Snapshot v1, https://goo.gl/fbAQLP

exports[`AccountsStack Construct(AccountsStack):  Snapshot Test 1`] = `
Object {
  "Parameters": Object {
    "SsmParameterValueacceleratorkmscloudwatchkeyarnC96584B6F00A464EAD1953AFF4B05118Parameter": Object {
      "Default": "/accelerator/kms/cloudwatch/key-arn",
      "Type": "AWS::SSM::Parameter::Value<String>",
    },
    "SsmParameterValueacceleratorkmslambdakeyarnC96584B6F00A464EAD1953AFF4B05118Parameter": Object {
      "Default": "/accelerator/kms/lambda/key-arn",
      "Type": "AWS::SSM::Parameter::Value<String>",
    },
  },
  "Resources": Object {
    "SsmParamAcceleratorVersionFF83282D": Object {
      "Properties": Object {
        "Name": "/accelerator/AWSAccelerator-AccountsStack-111111111111-us-east-1/version",
        "Type": "String",
        "Value": "1.2.2",
      },
      "Type": "AWS::SSM::Parameter",
    },
    "SsmParamStackId521A78D3": Object {
      "Properties": Object {
        "Name": "/accelerator/AWSAccelerator-AccountsStack-111111111111-us-east-1/stack-id",
        "Type": "String",
        "Value": Object {
          "Ref": "AWS::StackId",
        },
      },
      "Type": "AWS::SSM::Parameter",
    },
  },
}
`;
