// Jest Snapshot v1, https://goo.gl/fbAQLP

exports[`NetworkAssociationsGwlbStack Construct(NetworkAssociationsGwlbStack):  Snapshot Test 1`] = `
Object {
  "Parameters": Object {
    "SsmParameterValueacceleratorkmscloudwatchkeyarnC96584B6F00A464EAD1953AFF4B05118Parameter": Object {
      "Default": "/accelerator/kms/cloudwatch/key-arn",
      "Type": "AWS::SSM::Parameter::Value<String>",
    },
    "SsmParameterValueacceleratornetworkgwlbAcceleratorGWLBendpointServiceidC96584B6F00A464EAD1953AFF4B05118Parameter": Object {
      "Default": "/accelerator/network/gwlb/Accelerator-GWLB/endpointService/id",
      "Type": "AWS::SSM::Parameter::Value<String>",
    },
    "SsmParameterValueacceleratornetworkvpcNetworkEndpointsidC96584B6F00A464EAD1953AFF4B05118Parameter": Object {
      "Default": "/accelerator/network/vpc/Network-Endpoints/id",
      "Type": "AWS::SSM::Parameter::Value<String>",
    },
    "SsmParameterValueacceleratornetworkvpcNetworkEndpointsrouteTableNetworkEndpointsAidC96584B6F00A464EAD1953AFF4B05118Parameter": Object {
      "Default": "/accelerator/network/vpc/Network-Endpoints/routeTable/Network-Endpoints-A/id",
      "Type": "AWS::SSM::Parameter::Value<String>",
    },
    "SsmParameterValueacceleratornetworkvpcNetworkEndpointsrouteTableNetworkEndpointsBidC96584B6F00A464EAD1953AFF4B05118Parameter": Object {
      "Default": "/accelerator/network/vpc/Network-Endpoints/routeTable/Network-Endpoints-B/id",
      "Type": "AWS::SSM::Parameter::Value<String>",
    },
    "SsmParameterValueacceleratornetworkvpcNetworkEndpointsrouteTableNetworkEndpointsTgwAidC96584B6F00A464EAD1953AFF4B05118Parameter": Object {
      "Default": "/accelerator/network/vpc/Network-Endpoints/routeTable/Network-Endpoints-Tgw-A/id",
      "Type": "AWS::SSM::Parameter::Value<String>",
    },
    "SsmParameterValueacceleratornetworkvpcNetworkEndpointsrouteTableNetworkEndpointsTgwBidC96584B6F00A464EAD1953AFF4B05118Parameter": Object {
      "Default": "/accelerator/network/vpc/Network-Endpoints/routeTable/Network-Endpoints-Tgw-B/id",
      "Type": "AWS::SSM::Parameter::Value<String>",
    },
    "SsmParameterValueacceleratornetworkvpcNetworkEndpointssubnetNetworkEndpointsAidC96584B6F00A464EAD1953AFF4B05118Parameter": Object {
      "Default": "/accelerator/network/vpc/Network-Endpoints/subnet/Network-Endpoints-A/id",
      "Type": "AWS::SSM::Parameter::Value<String>",
    },
    "SsmParameterValueacceleratornetworkvpcNetworkEndpointssubnetNetworkEndpointsBidC96584B6F00A464EAD1953AFF4B05118Parameter": Object {
      "Default": "/accelerator/network/vpc/Network-Endpoints/subnet/Network-Endpoints-B/id",
      "Type": "AWS::SSM::Parameter::Value<String>",
    },
    "SsmParameterValueacceleratornetworkvpcNetworkEndpointssubnetNetworkEndpointsTgwAttachAidC96584B6F00A464EAD1953AFF4B05118Parameter": Object {
      "Default": "/accelerator/network/vpc/Network-Endpoints/subnet/Network-EndpointsTgwAttach-A/id",
      "Type": "AWS::SSM::Parameter::Value<String>",
    },
    "SsmParameterValueacceleratornetworkvpcNetworkEndpointssubnetNetworkEndpointsTgwAttachBidC96584B6F00A464EAD1953AFF4B05118Parameter": Object {
      "Default": "/accelerator/network/vpc/Network-Endpoints/subnet/Network-EndpointsTgwAttach-B/id",
      "Type": "AWS::SSM::Parameter::Value<String>",
    },
    "SsmParameterValueacceleratornetworkvpcNetworkInspectionidC96584B6F00A464EAD1953AFF4B05118Parameter": Object {
      "Default": "/accelerator/network/vpc/Network-Inspection/id",
      "Type": "AWS::SSM::Parameter::Value<String>",
    },
    "SsmParameterValueacceleratornetworkvpcNetworkInspectionrouteTableNetworkInspectionAidC96584B6F00A464EAD1953AFF4B05118Parameter": Object {
      "Default": "/accelerator/network/vpc/Network-Inspection/routeTable/Network-Inspection-A/id",
      "Type": "AWS::SSM::Parameter::Value<String>",
    },
    "SsmParameterValueacceleratornetworkvpcNetworkInspectionrouteTableNetworkInspectionBidC96584B6F00A464EAD1953AFF4B05118Parameter": Object {
      "Default": "/accelerator/network/vpc/Network-Inspection/routeTable/Network-Inspection-B/id",
      "Type": "AWS::SSM::Parameter::Value<String>",
    },
    "SsmParameterValueacceleratornetworkvpcNetworkInspectionrouteTableNetworkInspectionGatewayidC96584B6F00A464EAD1953AFF4B05118Parameter": Object {
      "Default": "/accelerator/network/vpc/Network-Inspection/routeTable/Network-Inspection-Gateway/id",
      "Type": "AWS::SSM::Parameter::Value<String>",
    },
    "SsmParameterValueacceleratornetworkvpcNetworkInspectionrouteTableNetworkInspectionTgwAidC96584B6F00A464EAD1953AFF4B05118Parameter": Object {
      "Default": "/accelerator/network/vpc/Network-Inspection/routeTable/Network-Inspection-Tgw-A/id",
      "Type": "AWS::SSM::Parameter::Value<String>",
    },
    "SsmParameterValueacceleratornetworkvpcNetworkInspectionrouteTableNetworkInspectionTgwBidC96584B6F00A464EAD1953AFF4B05118Parameter": Object {
      "Default": "/accelerator/network/vpc/Network-Inspection/routeTable/Network-Inspection-Tgw-B/id",
      "Type": "AWS::SSM::Parameter::Value<String>",
    },
    "SsmParameterValueacceleratornetworkvpcNetworkInspectionsubnetNetworkInspectionAidC96584B6F00A464EAD1953AFF4B05118Parameter": Object {
      "Default": "/accelerator/network/vpc/Network-Inspection/subnet/Network-Inspection-A/id",
      "Type": "AWS::SSM::Parameter::Value<String>",
    },
    "SsmParameterValueacceleratornetworkvpcNetworkInspectionsubnetNetworkInspectionBidC96584B6F00A464EAD1953AFF4B05118Parameter": Object {
      "Default": "/accelerator/network/vpc/Network-Inspection/subnet/Network-Inspection-B/id",
      "Type": "AWS::SSM::Parameter::Value<String>",
    },
    "SsmParameterValueacceleratornetworkvpcNetworkInspectionsubnetNetworkInspectionTgwAttachAidC96584B6F00A464EAD1953AFF4B05118Parameter": Object {
      "Default": "/accelerator/network/vpc/Network-Inspection/subnet/Network-InspectionTgwAttach-A/id",
      "Type": "AWS::SSM::Parameter::Value<String>",
    },
    "SsmParameterValueacceleratornetworkvpcNetworkInspectionsubnetNetworkInspectionTgwAttachBidC96584B6F00A464EAD1953AFF4B05118Parameter": Object {
      "Default": "/accelerator/network/vpc/Network-Inspection/subnet/Network-InspectionTgwAttach-B/id",
      "Type": "AWS::SSM::Parameter::Value<String>",
    },
  },
  "Resources": Object {
    "NetworkInspectionVpcEndpointAGwlbEpB5238F8C": Object {
      "Properties": Object {
        "ServiceName": Object {
          "Fn::Join": Array [
            "",
            Array [
              "com.amazonaws.vpce.us-east-1.",
              Object {
                "Ref": "SsmParameterValueacceleratornetworkgwlbAcceleratorGWLBendpointServiceidC96584B6F00A464EAD1953AFF4B05118Parameter",
              },
            ],
          ],
        },
        "SubnetIds": Array [
          Object {
            "Ref": "SsmParameterValueacceleratornetworkvpcNetworkInspectionsubnetNetworkInspectionAidC96584B6F00A464EAD1953AFF4B05118Parameter",
          },
        ],
        "VpcEndpointType": "GatewayLoadBalancer",
        "VpcId": Object {
          "Ref": "SsmParameterValueacceleratornetworkvpcNetworkInspectionidC96584B6F00A464EAD1953AFF4B05118Parameter",
        },
      },
      "Type": "AWS::EC2::VPCEndpoint",
    },
    "NetworkInspectionVpcEndpointAGwlbEpNetworkInspectionVpcNetworkInspectionTgwARouteTableGwlbRoute2D6CF39B": Object {
      "Properties": Object {
        "DestinationCidrBlock": "0.0.0.0/0",
        "RouteTableId": Object {
          "Ref": "SsmParameterValueacceleratornetworkvpcNetworkInspectionrouteTableNetworkInspectionTgwAidC96584B6F00A464EAD1953AFF4B05118Parameter",
        },
        "VpcEndpointId": Object {
          "Ref": "NetworkInspectionVpcEndpointAGwlbEpB5238F8C",
        },
      },
      "Type": "AWS::EC2::Route",
    },
    "NetworkInspectionVpcEndpointBGwlbEpEF9CAE4C": Object {
      "Properties": Object {
        "ServiceName": Object {
          "Fn::Join": Array [
            "",
            Array [
              "com.amazonaws.vpce.us-east-1.",
              Object {
                "Ref": "SsmParameterValueacceleratornetworkgwlbAcceleratorGWLBendpointServiceidC96584B6F00A464EAD1953AFF4B05118Parameter",
              },
            ],
          ],
        },
        "SubnetIds": Array [
          Object {
            "Ref": "SsmParameterValueacceleratornetworkvpcNetworkInspectionsubnetNetworkInspectionBidC96584B6F00A464EAD1953AFF4B05118Parameter",
          },
        ],
        "VpcEndpointType": "GatewayLoadBalancer",
        "VpcId": Object {
          "Ref": "SsmParameterValueacceleratornetworkvpcNetworkInspectionidC96584B6F00A464EAD1953AFF4B05118Parameter",
        },
      },
      "Type": "AWS::EC2::VPCEndpoint",
    },
    "NetworkInspectionVpcEndpointBGwlbEpNetworkInspectionVpcNetworkInspectionTgwBRouteTableGwlbRoute2B7C4C2E": Object {
      "Properties": Object {
        "DestinationCidrBlock": "0.0.0.0/0",
        "RouteTableId": Object {
          "Ref": "SsmParameterValueacceleratornetworkvpcNetworkInspectionrouteTableNetworkInspectionTgwBidC96584B6F00A464EAD1953AFF4B05118Parameter",
        },
        "VpcEndpointId": Object {
          "Ref": "NetworkInspectionVpcEndpointBGwlbEpEF9CAE4C",
        },
      },
      "Type": "AWS::EC2::Route",
    },
    "SsmParamAcceleratorVersionFF83282D": Object {
      "Properties": Object {
        "Name": "/accelerator/AWSAccelerator-NetworkAssociationsGwlbStack-555555555555-us-east-1/version",
        "Type": "String",
        "Value": "1.2.2",
      },
      "Type": "AWS::SSM::Parameter",
    },
    "SsmParamStackId521A78D3": Object {
      "Properties": Object {
        "Name": "/accelerator/AWSAccelerator-NetworkAssociationsGwlbStack-555555555555-us-east-1/stack-id",
        "Type": "String",
        "Value": Object {
          "Ref": "AWS::StackId",
        },
      },
      "Type": "AWS::SSM::Parameter",
    },
  },
}
`;
